{
    "sarscov2": {
        "content": [
            {
                "0": [
                    
                ],
                "1": [
                    
                ],
                "bam": [
                    
                ],
                "versions": [
                    
                ]
            }
        ],
        "meta": {
            "nf-test": "0.8.4",
            "nextflow": "23.04.1"
        },
        "timestamp": "2024-03-20T14:08:08.113306"
    }
}